[debug] [2026-09-01T15:43:49.426Z] ----------------------------------------------------------------------
[debug] [2026-09-01T15:43:49.427Z] Command:       C:\Users\chadn\AppData\Local\fnm_multishells\43404_1788277086773\node.exe C:\Users\chadn\AppData\Local\fnm_multishells\43404_1788277086773\node_modules\firebase-tools\lib\bin\firebase.js deploy
[debug] [2026-09-01T15:43:49.428Z] CLI Version:   15.27.0
[debug] [2026-09-01T15:43:49.428Z] Platform:      win32
[debug] [2026-09-01T15:43:49.428Z] Node Version:  v24.16.0
[debug] [2026-09-01T15:43:49.428Z] Detected Agent: unknown
[debug] [2026-09-01T15:43:49.428Z] Time:          Tue Sep 01 2026 11:43:49 GMT-0400 (Bolivia Time)
[debug] [2026-09-01T15:43:49.428Z] ----------------------------------------------------------------------
[debug] 
[debug] [2026-09-01T15:44:12.015Z] > command requires scopes: ["email","openid","https://www.googleapis.com/auth/cloudplatformprojects.readonly","https://www.googleapis.com/auth/firebase","https://www.googleapis.com/auth/cloud-platform"]
[debug] [2026-09-01T15:44:12.015Z] > authorizing via signed-in user (chadnuttall1@gmail.com)
[debug] [2026-09-01T15:44:12.015Z] [iam] checking project saba-water-delivery for permissions ["datastore.indexes.create","datastore.indexes.delete","datastore.indexes.list","datastore.indexes.update","firebase.projects.get","firebaserules.releases.create","firebaserules.releases.update","firebaserules.rulesets.create"]
[debug] [2026-09-01T15:44:12.025Z] Checked if tokens are valid: false, expires at: 1787348838415
[debug] [2026-09-01T15:44:12.025Z] Checked if tokens are valid: false, expires at: 1787348838415
[debug] [2026-09-01T15:44:12.025Z] > refreshing access token with scopes: []
[debug] [2026-09-01T15:44:12.027Z] >>> [apiv2][query] POST https://www.googleapis.com/oauth2/v3/token [none]
[debug] [2026-09-01T15:44:12.027Z] >>> [apiv2][body] POST https://www.googleapis.com/oauth2/v3/token [omitted]
[debug] [2026-09-01T15:44:12.297Z] <<< [apiv2][status] POST https://www.googleapis.com/oauth2/v3/token 200
[debug] [2026-09-01T15:44:12.298Z] <<< [apiv2][body] POST https://www.googleapis.com/oauth2/v3/token [omitted]
[debug] [2026-09-01T15:44:12.318Z] >>> [apiv2][query] POST https://cloudresourcemanager.googleapis.com/v1/projects/saba-water-delivery:testIamPermissions [none]
[debug] [2026-09-01T15:44:12.318Z] >>> [apiv2][(partial)header] POST https://cloudresourcemanager.googleapis.com/v1/projects/saba-water-delivery:testIamPermissions  x-goog-user-project=saba-water-delivery
[debug] [2026-09-01T15:44:12.318Z] >>> [apiv2][body] POST https://cloudresourcemanager.googleapis.com/v1/projects/saba-water-delivery:testIamPermissions {"permissions":["datastore.indexes.create","datastore.indexes.delete","datastore.indexes.list","datastore.indexes.update","firebase.projects.get","firebaserules.releases.create","firebaserules.releases.update","firebaserules.rulesets.create"]}
[debug] [2026-09-01T15:44:12.615Z] <<< [apiv2][status] POST https://cloudresourcemanager.googleapis.com/v1/projects/saba-water-delivery:testIamPermissions 200
[debug] [2026-09-01T15:44:12.615Z] <<< [apiv2][body] POST https://cloudresourcemanager.googleapis.com/v1/projects/saba-water-delivery:testIamPermissions {"permissions":["datastore.indexes.create","datastore.indexes.delete","datastore.indexes.list","datastore.indexes.update","firebase.projects.get","firebaserules.releases.create","firebaserules.releases.update","firebaserules.rulesets.create"]}
[info] 
[info] === Deploying to 'saba-water-delivery'...
[info] 
[info] i  deploying storage, firestore 
[info] i  storage: ensuring required API firebasestorage.googleapis.com is enabled... 
[debug] [2026-09-01T15:44:12.618Z] Checked if tokens are valid: true, expires at: 1788281051298
[debug] [2026-09-01T15:44:12.618Z] Checked if tokens are valid: true, expires at: 1788281051298
[debug] [2026-09-01T15:44:12.618Z] >>> [apiv2][query] GET https://firebasestorage.googleapis.com/v1alpha/projects/saba-water-delivery/defaultBucket [none]
[debug] [2026-09-01T15:44:12.992Z] <<< [apiv2][status] GET https://firebasestorage.googleapis.com/v1alpha/projects/saba-water-delivery/defaultBucket 200
[debug] [2026-09-01T15:44:12.993Z] <<< [apiv2][body] GET https://firebasestorage.googleapis.com/v1alpha/projects/saba-water-delivery/defaultBucket {"name":"projects/saba-water-delivery/defaultBucket","location":"US-EAST1","bucket":{"name":"projects/saba-water-delivery/buckets/saba-water-delivery.firebasestorage.app"},"storageClass":"REGIONAL"}
[info] i  firebase.storage: checking storage.rules for compilation errors... 
[debug] [2026-09-01T15:44:12.995Z] Checked if tokens are valid: true, expires at: 1788281051298
[debug] [2026-09-01T15:44:12.995Z] Checked if tokens are valid: true, expires at: 1788281051298
[debug] [2026-09-01T15:44:12.995Z] >>> [apiv2][query] POST https://firebaserules.googleapis.com/v1/projects/saba-water-delivery:test [none]
[debug] [2026-09-01T15:44:12.995Z] >>> [apiv2][body] POST https://firebaserules.googleapis.com/v1/projects/saba-water-delivery:test [omitted]
[debug] [2026-09-01T15:44:13.310Z] <<< [apiv2][status] POST https://firebaserules.googleapis.com/v1/projects/saba-water-delivery:test 200
[debug] [2026-09-01T15:44:13.310Z] <<< [apiv2][body] POST https://firebaserules.googleapis.com/v1/projects/saba-water-delivery:test {}
[info] +  firebase.storage: rules file storage.rules compiled successfully 
[info] i  firestore: ensuring required API firestore.googleapis.com is enabled... 
[info] i  firestore: ensuring required API firestore.googleapis.com is enabled... 
[debug] [2026-09-01T15:44:13.312Z] Checked if tokens are valid: true, expires at: 1788281051298
[debug] [2026-09-01T15:44:13.312Z] Checked if tokens are valid: true, expires at: 1788281051298
[debug] [2026-09-01T15:44:13.313Z] >>> [apiv2][query] GET https://firestore.googleapis.com/v1/projects/saba-water-delivery/databases/(default) [none]
[debug] [2026-09-01T15:44:13.897Z] <<< [apiv2][status] GET https://firestore.googleapis.com/v1/projects/saba-water-delivery/databases/(default) 200
[debug] [2026-09-01T15:44:13.897Z] <<< [apiv2][body] GET https://firestore.googleapis.com/v1/projects/saba-water-delivery/databases/(default) {"name":"projects/saba-water-delivery/databases/(default)","uid":"73169a17-7559-485b-8d20-c10b715ca691","createTime":"2026-08-18T01:07:25.159330Z","updateTime":"2026-08-18T01:07:25.159330Z","locationId":"nam5","type":"FIRESTORE_NATIVE","concurrencyMode":"PESSIMISTIC","versionRetentionPeriod":"3600s","earliestVersionTime":"2026-09-01T14:44:13.067108Z","appEngineIntegrationMode":"DISABLED","keyPrefix":"s","pointInTimeRecoveryEnablement":"POINT_IN_TIME_RECOVERY_DISABLED","deleteProtectionState":"DELETE_PROTECTION_DISABLED","databaseEdition":"STANDARD","freeTier":true,"realtimeUpdatesMode":"REALTIME_UPDATES_MODE_ENABLED","enhancedTextSearchQueryMode":"ENHANCED_QUERY_MODE_ENABLED","etag":"IICf5tLczZYDMJqcwPyAqZYD"}
[info] i  firestore: reading indexes from firestore.indexes.json... 
[info] i  cloud.firestore: checking firestore.rules for compilation errors... 
[debug] [2026-09-01T15:44:13.901Z] Checked if tokens are valid: true, expires at: 1788281051298
[debug] [2026-09-01T15:44:13.901Z] Checked if tokens are valid: true, expires at: 1788281051298
[debug] [2026-09-01T15:44:13.901Z] >>> [apiv2][query] POST https://firebaserules.googleapis.com/v1/projects/saba-water-delivery:test [none]
[debug] [2026-09-01T15:44:13.901Z] >>> [apiv2][body] POST https://firebaserules.googleapis.com/v1/projects/saba-water-delivery:test [omitted]
[debug] [2026-09-01T15:44:14.134Z] <<< [apiv2][status] POST https://firebaserules.googleapis.com/v1/projects/saba-water-delivery:test 200
[debug] [2026-09-01T15:44:14.134Z] <<< [apiv2][body] POST https://firebaserules.googleapis.com/v1/projects/saba-water-delivery:test {}
[info] +  cloud.firestore: rules file firestore.rules compiled successfully 
[debug] [2026-09-01T15:44:14.135Z] Checked if tokens are valid: true, expires at: 1788281051298
[debug] [2026-09-01T15:44:14.135Z] Checked if tokens are valid: true, expires at: 1788281051298
[debug] [2026-09-01T15:44:14.135Z] >>> [apiv2][query] GET https://firebaserules.googleapis.com/v1/projects/saba-water-delivery/releases pageSize=10&pageToken=
[debug] [2026-09-01T15:44:14.337Z] <<< [apiv2][status] GET https://firebaserules.googleapis.com/v1/projects/saba-water-delivery/releases 200
[debug] [2026-09-01T15:44:14.337Z] <<< [apiv2][body] GET https://firebaserules.googleapis.com/v1/projects/saba-water-delivery/releases {"releases":[{"name":"projects/saba-water-delivery/releases/cloud.firestore","rulesetName":"projects/saba-water-delivery/rulesets/125f6f0d-2cd7-4c30-86f3-7015b8dfb7c1","createTime":"2026-08-18T01:07:26.250493Z","updateTime":"2026-08-27T00:06:13.642900Z"},{"name":"projects/saba-water-delivery/releases/firebase.storage/saba-water-delivery.firebasestorage.app","rulesetName":"projects/saba-water-delivery/rulesets/ec435e41-9ded-4791-becb-1e18132824ac","createTime":"2026-08-18T19:08:03.156958Z","updateTime":"2026-08-27T00:06:13.206137Z"}]}
[debug] [2026-09-01T15:44:14.344Z] Checked if tokens are valid: true, expires at: 1788281051298
[debug] [2026-09-01T15:44:14.344Z] Checked if tokens are valid: true, expires at: 1788281051298
[debug] [2026-09-01T15:44:14.344Z] >>> [apiv2][query] GET https://firebaserules.googleapis.com/v1/projects/saba-water-delivery/rulesets/ec435e41-9ded-4791-becb-1e18132824ac [none]
[debug] [2026-09-01T15:44:14.538Z] <<< [apiv2][status] GET https://firebaserules.googleapis.com/v1/projects/saba-water-delivery/rulesets/ec435e41-9ded-4791-becb-1e18132824ac 200
[debug] [2026-09-01T15:44:14.538Z] <<< [apiv2][body] GET https://firebaserules.googleapis.com/v1/projects/saba-water-delivery/rulesets/ec435e41-9ded-4791-becb-1e18132824ac [omitted]
[info] i  storage: uploading rules storage.rules... 
[debug] [2026-09-01T15:44:14.539Z] Checked if tokens are valid: true, expires at: 1788281051298
[debug] [2026-09-01T15:44:14.539Z] Checked if tokens are valid: true, expires at: 1788281051298
[debug] [2026-09-01T15:44:14.539Z] >>> [apiv2][query] POST https://firebaserules.googleapis.com/v1/projects/saba-water-delivery/rulesets [none]
[debug] [2026-09-01T15:44:14.539Z] >>> [apiv2][body] POST https://firebaserules.googleapis.com/v1/projects/saba-water-delivery/rulesets [omitted]
[debug] [2026-09-01T15:44:14.978Z] <<< [apiv2][status] POST https://firebaserules.googleapis.com/v1/projects/saba-water-delivery/rulesets 200
[debug] [2026-09-01T15:44:14.978Z] <<< [apiv2][body] POST https://firebaserules.googleapis.com/v1/projects/saba-water-delivery/rulesets {"name":"projects/saba-water-delivery/rulesets/0c8806e6-d444-40bc-a90e-88fc3acfe163","source":{"files":[{"content":"rules_version = '2';\n\n// Firebase Storage Security Rules.\n//\n// Deny-by-default scaffold. Photo upload/download capabilities are\n// planned but not yet implemented. These rules ensure that Storage is\n// locked down until the access-control logic described in TECHNICAL.md\n// \"Firebase Storage\" is built out.\n//\n// When implementing photo uploads, replace specific match blocks below\n// with rules that enforce:\n//\n//   Property photos  — resident owns the path; drivers read only when\n//                      they hold an assigned delivery for that resident\n//                      (may require server-side signed URLs instead of\n//                      direct Storage Rules if cross-referencing\n//                      Firestore is impractical).\n//\n//   Request photos   — only the assigned driver may write; the assigned\n//                      driver, the customer, and staff may read.\n//\n// General principles:\n//   - Never expose permanent unrestricted download URLs.\n//   - Use opaque identifiers in paths, not personal data.\n//   - Prefer short-lived signed URLs generated server-side when Storage\n//     Rules alone cannot express the required access check.\n//\n// See also: firestore.rules for Firestore-side photo metadata rules.\n\nservice firebase.storage {\n  match /b/{bucket}/o {\n\n    // Property photos: users/{uid}/property-photos/{photoId}\n    // Locked down until implementation. Will require:\n    //   - Owner (uid) may read/write/delete.\n    //   - Drivers may read only with a verified delivery relationship.\n    //   - Staff may read for operational support.\n    match /property-photos/{uid}/{photoId} {\n      allow read, write: if false;\n    }\n\n    // Request photos: request-photos/{requestId}/{photoId}\n    // Locked down until implementation. Will require:\n    //   - Assigned driver may write.\n    //   - Assigned driver, customer, and staff may read.\n    match /request-photos/{requestId}/{photoId} {\n      allow read, write: if false;\n    }\n\n    // Deny everything else by default.\n    match /{allPaths=**} {\n      allow read, write: if false;\n    }\n  }\n}\n","name":"storage.rules"}]},"createTime":"2026-09-01T15:44:14.151759Z","metadata":{"services":["firebase.storage"]}}
[debug] [2026-09-01T15:44:14.979Z] [rules] created ruleset projects/saba-water-delivery/rulesets/0c8806e6-d444-40bc-a90e-88fc3acfe163
[debug] [2026-09-01T15:44:14.979Z] Checked if tokens are valid: true, expires at: 1788281051298
[debug] [2026-09-01T15:44:14.979Z] Checked if tokens are valid: true, expires at: 1788281051298
[debug] [2026-09-01T15:44:14.979Z] >>> [apiv2][query] GET https://firebaserules.googleapis.com/v1/projects/saba-water-delivery/releases pageSize=10&pageToken=
[debug] [2026-09-01T15:44:15.212Z] <<< [apiv2][status] GET https://firebaserules.googleapis.com/v1/projects/saba-water-delivery/releases 200
[debug] [2026-09-01T15:44:15.213Z] <<< [apiv2][body] GET https://firebaserules.googleapis.com/v1/projects/saba-water-delivery/releases {"releases":[{"name":"projects/saba-water-delivery/releases/cloud.firestore","rulesetName":"projects/saba-water-delivery/rulesets/125f6f0d-2cd7-4c30-86f3-7015b8dfb7c1","createTime":"2026-08-18T01:07:26.250493Z","updateTime":"2026-08-27T00:06:13.642900Z"},{"name":"projects/saba-water-delivery/releases/firebase.storage/saba-water-delivery.firebasestorage.app","rulesetName":"projects/saba-water-delivery/rulesets/ec435e41-9ded-4791-becb-1e18132824ac","createTime":"2026-08-18T19:08:03.156958Z","updateTime":"2026-08-27T00:06:13.206137Z"}]}
[debug] [2026-09-01T15:44:15.213Z] Checked if tokens are valid: true, expires at: 1788281051298
[debug] [2026-09-01T15:44:15.213Z] Checked if tokens are valid: true, expires at: 1788281051298
[debug] [2026-09-01T15:44:15.213Z] >>> [apiv2][query] GET https://firebaserules.googleapis.com/v1/projects/saba-water-delivery/rulesets/125f6f0d-2cd7-4c30-86f3-7015b8dfb7c1 [none]
[debug] [2026-09-01T15:44:15.374Z] <<< [apiv2][status] GET https://firebaserules.googleapis.com/v1/projects/saba-water-delivery/rulesets/125f6f0d-2cd7-4c30-86f3-7015b8dfb7c1 200
[debug] [2026-09-01T15:44:15.374Z] <<< [apiv2][body] GET https://firebaserules.googleapis.com/v1/projects/saba-water-delivery/rulesets/125f6f0d-2cd7-4c30-86f3-7015b8dfb7c1 [omitted]
[info] i  firestore: uploading rules firestore.rules... 
[debug] [2026-09-01T15:44:15.375Z] Checked if tokens are valid: true, expires at: 1788281051298
[debug] [2026-09-01T15:44:15.375Z] Checked if tokens are valid: true, expires at: 1788281051298
[debug] [2026-09-01T15:44:15.375Z] >>> [apiv2][query] POST https://firebaserules.googleapis.com/v1/projects/saba-water-delivery/rulesets [none]
[debug] [2026-09-01T15:44:15.375Z] >>> [apiv2][body] POST https://firebaserules.googleapis.com/v1/projects/saba-water-delivery/rulesets [omitted]
[debug] [2026-09-01T15:44:15.732Z] <<< [apiv2][status] POST https://firebaserules.googleapis.com/v1/projects/saba-water-delivery/rulesets 200
[debug] [2026-09-01T15:44:15.733Z] <<< [apiv2][body] POST https://firebaserules.googleapis.com/v1/projects/saba-water-delivery/rulesets {"name":"projects/saba-water-delivery/rulesets/d24c417e-aa1b-4400-a46e-c05657751185","source":{"files":[{"content":"rules_version = '2';\r\n\r\n// Production Firestore Security Rules.\r\n//\r\n// Direct client access is limited to the minimum data required by each\r\n// authenticated role. Operational mutations and sanitized oversight views\r\n// run through server-authorized domain code using the Firebase Admin SDK.\r\n// Unknown collections and all unlisted operations are denied by default.\r\n//\r\n// The user model supports multiple roles per user via a `roles` array.\r\n// Queries must match these document-level constraints because Firestore\r\n// rules reject, rather than filter, an overly broad query.\r\nservice cloud.firestore {\r\n  match /databases/{database}/documents {\r\n    function isSignedIn() {\r\n      return request.auth != null;\r\n    }\r\n\r\n    function userRoles() {\r\n      return get(/databases/$(database)/documents/users/$(request.auth.uid)).data.roles;\r\n    }\r\n\r\n    function hasRole(r) {\r\n      return isSignedIn() && r in userRoles();\r\n    }\r\n\r\n    function isStaff() {\r\n      return hasRole('dispatcher') || hasRole('admin');\r\n    }\r\n\r\n    // Users may read their own profile; staff may read the directory for\r\n    // operational support. Profile creation, role changes, confirmation\r\n    // timestamps, account state, and auditing remain server-only. A direct\r\n    // owner update can affect only the four resident-editable profile fields.\r\n    match /users/{userId} {\r\n      allow read: if isSignedIn() && (request.auth.uid == userId || isStaff());\r\n      allow create: if false;\r\n      allow update: if isSignedIn()\r\n        && request.auth.uid == userId\r\n        && request.resource.data.diff(resource.data).affectedKeys().hasOnly([\r\n          'displayName',\r\n          'phone',\r\n          'village',\r\n          'deliveryDirections'\r\n        ]);\r\n      allow delete: if false;\r\n\r\n      // Photo functionality is not active. Metadata remains locked down in\r\n      // step with the deny-all Storage rules until an end-to-end access model\r\n      // and retention policy are implemented.\r\n      match /propertyPhotos/{photoId} {\r\n        allow read, write: if false;\r\n      }\r\n    }\r\n\r\n    // Government-managed Driver Registry. Staff may read operational\r\n    // records directly; all writes remain server-only. Viewer oversight is\r\n    // projected by trusted server code so raw phone, linked account IDs,\r\n    // meters, and registry audit records are not directly accessible.\r\n    match /driverRegistry/{driverId} {\r\n      allow read: if isStaff();\r\n      allow write: if false;\r\n\r\n      match /events/{eventId} {\r\n        allow read: if isStaff();\r\n        allow write: if false;\r\n      }\r\n\r\n      match /meters/{stationId} {\r\n        allow read: if isStaff();\r\n        allow write: if false;\r\n      }\r\n    }\r\n\r\n    // Fill stations are simple, non-sensitive reference data.\r\n    match /fillStations/{stationId} {\r\n      allow read: if isSignedIn();\r\n      allow write: if false;\r\n    }\r\n\r\n    // Water requests: default-deny direct writes. Creation and every\r\n    // state transition (claim, deliver, confirm, dispute, cancel) must go\r\n    // through server-side domain functions so business rules and\r\n    // concurrency guarantees (see TECHNICAL.md \"Request Claiming\") are\r\n    // enforced consistently.\r\n    //\r\n    // Dispatcher-created requests for unregistered/manual customers store\r\n    // `customerId: null` (see TECHNICAL.md \"Dispatcher-Created Requests\").\r\n    // The `resource.data.customerId == request.auth.uid` comparison below\r\n    // is still safe for those documents: `request.auth.uid` is always a\r\n    // non-null string for a signed-in user, so it can never equal `null`\r\n    // — an unrelated resident cannot read another customer's unregistered\r\n    // request through this rule. Staff access is unaffected either way.\r\n    match /waterRequests/{requestId} {\r\n      // Residents may read their own request and an assigned driver may read\r\n      // the request needed to deliver it. Staff retain operational access.\r\n      // Viewer oversight uses a sanitized server-side projection and therefore\r\n      // does not require direct access to raw customer/request documents.\r\n      allow read: if isSignedIn()\r\n        && (resource.data.customerId == request.auth.uid\r\n          || resource.data.assignedDriverId == request.auth.uid\r\n          || isStaff());\r\n      allow write: if false;\r\n\r\n      // Raw audit events include staff corrections, assignment history,\r\n      // operational reasons, and internal identifiers. Only operational staff\r\n      // may read them directly; resident/driver history must be projected by\r\n      // trusted server code if introduced in their portals.\r\n      match /events/{eventId} {\r\n        allow read: if isStaff();\r\n        allow write: if false;\r\n      }\r\n\r\n      // Request-photo functionality is not active and Storage is deny-all.\r\n      // Keep metadata inaccessible until binary access, retention, and role\r\n      // checks are implemented together.\r\n      match /photos/{photoId} {\r\n        allow read, write: if false;\r\n      }\r\n    }\r\n\r\n    // Driver dispatch offers are selected and responded to through trusted\r\n    // server code. Drivers do not need direct access to raw offer history;\r\n    // staff retain read access for operational support.\r\n    match /driverOffers/{offerId} {\r\n      allow read: if isStaff();\r\n      allow write: if false;\r\n    }\r\n\r\n    // Application configuration (e.g. dispatch settings). All writes go\r\n    // through trusted server-side admin actions. Staff may read current\r\n    // values; admin-only mutation is enforced at the application layer.\r\n    match /config/{configId} {\r\n      allow read: if isStaff();\r\n      allow write: if false;\r\n\r\n      match /events/{eventId} {\r\n        allow read: if isStaff();\r\n        allow write: if false;\r\n      }\r\n    }\r\n\r\n    // Delivery runs are managed through server-side domain logic. Staff may\r\n    // read raw run state; viewer summaries are produced server-side without\r\n    // exposing run membership or internal audit details.\r\n    match /dispatchBatches/{batchId} {\r\n      allow read: if isStaff();\r\n      allow write: if false;\r\n\r\n      match /events/{eventId} {\r\n        allow read: if isStaff();\r\n        allow write: if false;\r\n      }\r\n    }\r\n\r\n    // WhatsApp conversation sessions (ephemeral conversation scratch\r\n    // state, never the authoritative water-request record — see\r\n    // TECHNICAL.md \"WhatsApp Resident Ordering\") and inbound-webhook\r\n    // idempotency ledger. Read/written only by the webhook route via\r\n    // the Admin SDK, which bypasses these rules entirely — no client\r\n    // (resident, driver, or staff) ever needs to read these directly,\r\n    // so both are fully deny-by-default rather than staff-readable.\r\n    match /whatsappSessions/{sessionId} {\r\n      allow read, write: if false;\r\n    }\r\n    match /whatsappProcessedMessages/{messageId} {\r\n      allow read, write: if false;\r\n    }\r\n\r\n    // Account merge audit records. Written and read only by server-side\r\n    // admin domain logic via the Firebase Admin SDK. No client access.\r\n    match /accountMergeEvents/{eventId} {\r\n      allow read, write: if false;\r\n    }\r\n\r\n    // Deny everything else by default.\r\n    match /{document=**} {\r\n      allow read, write: if false;\r\n    }\r\n  }\r\n}\r\n","name":"firestore.rules"}]},"createTime":"2026-09-01T15:44:14.909647Z","metadata":{"services":["cloud.firestore"]}}
[debug] [2026-09-01T15:44:15.733Z] [rules] created ruleset projects/saba-water-delivery/rulesets/d24c417e-aa1b-4400-a46e-c05657751185
[info] i  firestore: deploying indexes... 
[debug] [2026-09-01T15:44:15.734Z] Checked if tokens are valid: true, expires at: 1788281051298
[debug] [2026-09-01T15:44:15.734Z] Checked if tokens are valid: true, expires at: 1788281051298
[debug] [2026-09-01T15:44:15.734Z] >>> [apiv2][query] GET https://firestore.googleapis.com/v1/projects/saba-water-delivery/databases/(default)/collectionGroups/-/indexes [none]
[debug] [2026-09-01T15:44:15.966Z] <<< [apiv2][status] GET https://firestore.googleapis.com/v1/projects/saba-water-delivery/databases/(default)/collectionGroups/-/indexes 200
[debug] [2026-09-01T15:44:15.966Z] <<< [apiv2][body] GET https://firestore.googleapis.com/v1/projects/saba-water-delivery/databases/(default)/collectionGroups/-/indexes {"indexes":[{"name":"projects/saba-water-delivery/databases/(default)/collectionGroups/waterRequests/indexes/CICAgNiav4AK","queryScope":"COLLECTION","fields":[{"fieldPath":"customer.phone","order":"ASCENDING"},{"fieldPath":"status","order":"ASCENDING"},{"fieldPath":"__name__","order":"ASCENDING"}],"state":"READY","density":"SPARSE_ALL"},{"name":"projects/saba-water-delivery/databases/(default)/collectionGroups/waterRequests/indexes/CICAgJim14AK","queryScope":"COLLECTION","fields":[{"fieldPath":"status","order":"ASCENDING"},{"fieldPath":"requestedAt","order":"ASCENDING"},{"fieldPath":"__name__","order":"ASCENDING"}],"state":"READY","density":"SPARSE_ALL"},{"name":"projects/saba-water-delivery/databases/(default)/collectionGroups/waterRequests/indexes/CICAgOjXh4EK","queryScope":"COLLECTION","fields":[{"fieldPath":"customerId","order":"ASCENDING"},{"fieldPath":"status","order":"ASCENDING"},{"fieldPath":"requestedAt","order":"DESCENDING"},{"fieldPath":"__name__","order":"DESCENDING"}],"state":"READY","density":"SPARSE_ALL"},{"name":"projects/saba-water-delivery/databases/(default)/collectionGroups/waterRequests/indexes/CICAgNiroIEK","queryScope":"COLLECTION","fields":[{"fieldPath":"customerId","order":"ASCENDING"},{"fieldPath":"status","order":"ASCENDING"},{"fieldPath":"confirmedAt","order":"DESCENDING"},{"fieldPath":"__name__","order":"DESCENDING"}],"state":"READY","density":"SPARSE_ALL"},{"name":"projects/saba-water-delivery/databases/(default)/collectionGroups/driverOffers/indexes/CICAgJj7z4EK","queryScope":"COLLECTION","fields":[{"fieldPath":"driverId","order":"ASCENDING"},{"fieldPath":"response","order":"ASCENDING"},{"fieldPath":"offeredAt","order":"DESCENDING"},{"fieldPath":"__name__","order":"DESCENDING"}],"state":"READY","density":"SPARSE_ALL"},{"name":"projects/saba-water-delivery/databases/(default)/collectionGroups/waterRequests/indexes/CICAgNjpgYIK","queryScope":"COLLECTION","fields":[{"fieldPath":"status","order":"ASCENDING"},{"fieldPath":"preferredDriverId","order":"ASCENDING"},{"fieldPath":"priorityRank","order":"ASCENDING"},{"fieldPath":"requestedAt","order":"ASCENDING"},{"fieldPath":"__name__","order":"ASCENDING"}],"state":"READY","density":"SPARSE_ALL"},{"name":"projects/saba-water-delivery/databases/(default)/collectionGroups/waterRequests/indexes/CICAgJjF9oIK","queryScope":"COLLECTION","fields":[{"fieldPath":"assignedDriverId","order":"ASCENDING"},{"fieldPath":"status","order":"ASCENDING"},{"fieldPath":"claimedAt","order":"DESCENDING"},{"fieldPath":"__name__","order":"DESCENDING"}],"state":"READY","density":"SPARSE_ALL"},{"name":"projects/saba-water-delivery/databases/(default)/collectionGroups/waterRequests/indexes/CICAgLiIkYMK","queryScope":"COLLECTION","fields":[{"fieldPath":"dispatchBatchId","order":"ASCENDING"},{"fieldPath":"batchSequence","order":"ASCENDING"},{"fieldPath":"__name__","order":"ASCENDING"}],"state":"READY","density":"SPARSE_ALL"},{"name":"projects/saba-water-delivery/databases/(default)/collectionGroups/waterRequests/indexes/CICAgJiUpoMK","queryScope":"COLLECTION","fields":[{"fieldPath":"customerId","order":"ASCENDING"},{"fieldPath":"requestedAt","order":"DESCENDING"},{"fieldPath":"__name__","order":"DESCENDING"}],"state":"READY","density":"SPARSE_ALL"},{"name":"projects/saba-water-delivery/databases/(default)/collectionGroups/driverOffers/indexes/CICAgNi47oMK","queryScope":"COLLECTION","fields":[{"fieldPath":"driverId","order":"ASCENDING"},{"fieldPath":"response","order":"ASCENDING"},{"fieldPath":"respondedAt","order":"DESCENDING"},{"fieldPath":"__name__","order":"DESCENDING"}],"state":"READY","density":"SPARSE_ALL"},{"name":"projects/saba-water-delivery/databases/(default)/collectionGroups/waterRequests/indexes/CICAgOi3kJAK","queryScope":"COLLECTION","fields":[{"fieldPath":"status","order":"ASCENDING"},{"fieldPath":"preferredDriverExpiresAt","order":"ASCENDING"},{"fieldPath":"__name__","order":"ASCENDING"}],"state":"READY","density":"SPARSE_ALL"},{"name":"projects/saba-water-delivery/databases/(default)/collectionGroups/waterRequests/indexes/CICAgJjmiJEK","queryScope":"COLLECTION","fields":[{"fieldPath":"status","order":"ASCENDING"},{"fieldPath":"preferredDriverId","order":"ASCENDING"},{"fieldPath":"requestedAt","order":"ASCENDING"},{"fieldPath":"__name__","order":"ASCENDING"}],"state":"READY","density":"SPARSE_ALL"},{"name":"projects/saba-water-delivery/databases/(default)/collectionGroups/waterRequests/indexes/CICAgNi4-ZIK","queryScope":"COLLECTION","fields":[{"fieldPath":"status","order":"ASCENDING"},{"fieldPath":"priorityRank","order":"ASCENDING"},{"fieldPath":"requestedAt","order":"ASCENDING"},{"fieldPath":"__name__","order":"ASCENDING"}],"state":"READY","density":"SPARSE_ALL"}]}
[debug] [2026-09-01T15:44:15.966Z] Checked if tokens are valid: true, expires at: 1788281051298
[debug] [2026-09-01T15:44:15.966Z] Checked if tokens are valid: true, expires at: 1788281051298
[debug] [2026-09-01T15:44:15.966Z] >>> [apiv2][query] GET https://firestore.googleapis.com/v1/projects/saba-water-delivery/databases/(default)/collectionGroups/-/fields?filter=indexConfig.usesAncestorConfig=false OR ttlConfig:* [none]
[debug] [2026-09-01T15:44:16.143Z] <<< [apiv2][status] GET https://firestore.googleapis.com/v1/projects/saba-water-delivery/databases/(default)/collectionGroups/-/fields?filter=indexConfig.usesAncestorConfig=false OR ttlConfig:* 200
[debug] [2026-09-01T15:44:16.143Z] <<< [apiv2][body] GET https://firestore.googleapis.com/v1/projects/saba-water-delivery/databases/(default)/collectionGroups/-/fields?filter=indexConfig.usesAncestorConfig=false OR ttlConfig:* {"fields":[{"name":"projects/saba-water-delivery/databases/(default)/collectionGroups/__default__/fields/*","indexConfig":{"indexes":[{"queryScope":"COLLECTION","fields":[{"fieldPath":"*","order":"ASCENDING"}],"state":"READY"},{"queryScope":"COLLECTION","fields":[{"fieldPath":"*","order":"DESCENDING"}],"state":"READY"},{"queryScope":"COLLECTION","fields":[{"fieldPath":"*","arrayConfig":"CONTAINS"}],"state":"READY"}]}}]}
[debug] [2026-09-01T15:44:16.143Z] Checked if tokens are valid: true, expires at: 1788281051298
[debug] [2026-09-01T15:44:16.143Z] Checked if tokens are valid: true, expires at: 1788281051298
[debug] [2026-09-01T15:44:16.144Z] >>> [apiv2][query] GET https://firestore.googleapis.com/v1/projects/saba-water-delivery/databases/(default) [none]
[debug] [2026-09-01T15:44:16.339Z] <<< [apiv2][status] GET https://firestore.googleapis.com/v1/projects/saba-water-delivery/databases/(default) 200
[debug] [2026-09-01T15:44:16.340Z] <<< [apiv2][body] GET https://firestore.googleapis.com/v1/projects/saba-water-delivery/databases/(default) {"name":"projects/saba-water-delivery/databases/(default)","uid":"73169a17-7559-485b-8d20-c10b715ca691","createTime":"2026-08-18T01:07:25.159330Z","updateTime":"2026-08-18T01:07:25.159330Z","locationId":"nam5","type":"FIRESTORE_NATIVE","concurrencyMode":"PESSIMISTIC","versionRetentionPeriod":"3600s","earliestVersionTime":"2026-09-01T14:44:15.505205Z","appEngineIntegrationMode":"DISABLED","keyPrefix":"s","pointInTimeRecoveryEnablement":"POINT_IN_TIME_RECOVERY_DISABLED","deleteProtectionState":"DELETE_PROTECTION_DISABLED","databaseEdition":"STANDARD","freeTier":true,"realtimeUpdatesMode":"REALTIME_UPDATES_MODE_ENABLED","enhancedTextSearchQueryMode":"ENHANCED_QUERY_MODE_ENABLED","etag":"IKSD+9PczZYDMJqcwPyAqZYD"}
[debug] [2026-09-01T15:44:16.340Z] Skipping existing index: {"collectionGroup":"driverOffers","queryScope":"COLLECTION","density":"SPARSE_ALL","fields":[{"fieldPath":"driverId","order":"ASCENDING"},{"fieldPath":"response","order":"ASCENDING"},{"fieldPath":"offeredAt","order":"DESCENDING"},{"fieldPath":"__name__","order":"DESCENDING"}]}
[debug] [2026-09-01T15:44:16.341Z] Skipping existing index: {"collectionGroup":"driverOffers","queryScope":"COLLECTION","density":"SPARSE_ALL","fields":[{"fieldPath":"driverId","order":"ASCENDING"},{"fieldPath":"response","order":"ASCENDING"},{"fieldPath":"respondedAt","order":"DESCENDING"},{"fieldPath":"__name__","order":"DESCENDING"}]}
[debug] [2026-09-01T15:44:16.341Z] Skipping existing index: {"collectionGroup":"waterRequests","queryScope":"COLLECTION","density":"SPARSE_ALL","fields":[{"fieldPath":"assignedDriverId","order":"ASCENDING"},{"fieldPath":"status","order":"ASCENDING"},{"fieldPath":"claimedAt","order":"DESCENDING"},{"fieldPath":"__name__","order":"DESCENDING"}]}
[debug] [2026-09-01T15:44:16.341Z] Skipping existing index: {"collectionGroup":"waterRequests","queryScope":"COLLECTION","density":"SPARSE_ALL","fields":[{"fieldPath":"customer.phone","order":"ASCENDING"},{"fieldPath":"status","order":"ASCENDING"},{"fieldPath":"__name__","order":"ASCENDING"}]}
[debug] [2026-09-01T15:44:16.341Z] Skipping existing index: {"collectionGroup":"waterRequests","queryScope":"COLLECTION","density":"SPARSE_ALL","fields":[{"fieldPath":"customerId","order":"ASCENDING"},{"fieldPath":"requestedAt","order":"DESCENDING"},{"fieldPath":"__name__","order":"DESCENDING"}]}
[debug] [2026-09-01T15:44:16.341Z] Skipping existing index: {"collectionGroup":"waterRequests","queryScope":"COLLECTION","density":"SPARSE_ALL","fields":[{"fieldPath":"customerId","order":"ASCENDING"},{"fieldPath":"status","order":"ASCENDING"},{"fieldPath":"requestedAt","order":"DESCENDING"},{"fieldPath":"__name__","order":"DESCENDING"}]}
[debug] [2026-09-01T15:44:16.341Z] Skipping existing index: {"collectionGroup":"waterRequests","queryScope":"COLLECTION","density":"SPARSE_ALL","fields":[{"fieldPath":"customerId","order":"ASCENDING"},{"fieldPath":"status","order":"ASCENDING"},{"fieldPath":"confirmedAt","order":"DESCENDING"},{"fieldPath":"__name__","order":"DESCENDING"}]}
[debug] [2026-09-01T15:44:16.341Z] Skipping existing index: {"collectionGroup":"waterRequests","queryScope":"COLLECTION","density":"SPARSE_ALL","fields":[{"fieldPath":"status","order":"ASCENDING"},{"fieldPath":"preferredDriverExpiresAt","order":"ASCENDING"},{"fieldPath":"__name__","order":"ASCENDING"}]}
[debug] [2026-09-01T15:44:16.341Z] Skipping existing index: {"collectionGroup":"waterRequests","queryScope":"COLLECTION","density":"SPARSE_ALL","fields":[{"fieldPath":"status","order":"ASCENDING"},{"fieldPath":"preferredDriverId","order":"ASCENDING"},{"fieldPath":"priorityRank","order":"ASCENDING"},{"fieldPath":"requestedAt","order":"ASCENDING"},{"fieldPath":"__name__","order":"ASCENDING"}]}
[debug] [2026-09-01T15:44:16.341Z] Skipping existing index: {"collectionGroup":"waterRequests","queryScope":"COLLECTION","density":"SPARSE_ALL","fields":[{"fieldPath":"status","order":"ASCENDING"},{"fieldPath":"preferredDriverId","order":"ASCENDING"},{"fieldPath":"requestedAt","order":"ASCENDING"},{"fieldPath":"__name__","order":"ASCENDING"}]}
[debug] [2026-09-01T15:44:16.341Z] Skipping existing index: {"collectionGroup":"waterRequests","queryScope":"COLLECTION","density":"SPARSE_ALL","fields":[{"fieldPath":"status","order":"ASCENDING"},{"fieldPath":"priorityRank","order":"ASCENDING"},{"fieldPath":"requestedAt","order":"ASCENDING"},{"fieldPath":"__name__","order":"ASCENDING"}]}
[debug] [2026-09-01T15:44:16.341Z] Skipping existing index: {"collectionGroup":"waterRequests","queryScope":"COLLECTION","density":"SPARSE_ALL","fields":[{"fieldPath":"status","order":"ASCENDING"},{"fieldPath":"requestedAt","order":"ASCENDING"},{"fieldPath":"__name__","order":"ASCENDING"}]}
[debug] [2026-09-01T15:44:16.341Z] Skipping existing index: {"collectionGroup":"waterRequests","queryScope":"COLLECTION","density":"SPARSE_ALL","fields":[{"fieldPath":"dispatchBatchId","order":"ASCENDING"},{"fieldPath":"batchSequence","order":"ASCENDING"},{"fieldPath":"__name__","order":"ASCENDING"}]}
[info] +  firestore: deployed indexes in firestore.indexes.json successfully for (default) database 
[debug] [2026-09-01T15:44:16.341Z] [rules] releasing firebase.storage/saba-water-delivery.firebasestorage.app with ruleset projects/saba-water-delivery/rulesets/0c8806e6-d444-40bc-a90e-88fc3acfe163
[debug] [2026-09-01T15:44:16.342Z] Checked if tokens are valid: true, expires at: 1788281051298
[debug] [2026-09-01T15:44:16.342Z] Checked if tokens are valid: true, expires at: 1788281051298
[debug] [2026-09-01T15:44:16.342Z] >>> [apiv2][query] PATCH https://firebaserules.googleapis.com/v1/projects/saba-water-delivery/releases/firebase.storage/saba-water-delivery.firebasestorage.app [none]
[debug] [2026-09-01T15:44:16.342Z] >>> [apiv2][body] PATCH https://firebaserules.googleapis.com/v1/projects/saba-water-delivery/releases/firebase.storage/saba-water-delivery.firebasestorage.app {"release":{"name":"projects/saba-water-delivery/releases/firebase.storage/saba-water-delivery.firebasestorage.app","rulesetName":"projects/saba-water-delivery/rulesets/0c8806e6-d444-40bc-a90e-88fc3acfe163"}}
[debug] [2026-09-01T15:44:16.670Z] <<< [apiv2][status] PATCH https://firebaserules.googleapis.com/v1/projects/saba-water-delivery/releases/firebase.storage/saba-water-delivery.firebasestorage.app 200
[debug] [2026-09-01T15:44:16.671Z] <<< [apiv2][body] PATCH https://firebaserules.googleapis.com/v1/projects/saba-water-delivery/releases/firebase.storage/saba-water-delivery.firebasestorage.app {"name":"projects/saba-water-delivery/releases/firebase.storage/saba-water-delivery.firebasestorage.app","rulesetName":"projects/saba-water-delivery/rulesets/0c8806e6-d444-40bc-a90e-88fc3acfe163","createTime":"2026-08-18T19:08:03.156958Z","updateTime":"2026-09-01T15:44:15.846651Z"}
[debug] [2026-09-01T15:44:16.671Z] [rules] updated release projects/saba-water-delivery/releases/firebase.storage/saba-water-delivery.firebasestorage.app
[info] +  storage: released rules storage.rules to firebase.storage 
[debug] [2026-09-01T15:44:16.671Z] [rules] releasing cloud.firestore with ruleset projects/saba-water-delivery/rulesets/d24c417e-aa1b-4400-a46e-c05657751185
[debug] [2026-09-01T15:44:16.671Z] Checked if tokens are valid: true, expires at: 1788281051298
[debug] [2026-09-01T15:44:16.671Z] Checked if tokens are valid: true, expires at: 1788281051298
[debug] [2026-09-01T15:44:16.671Z] >>> [apiv2][query] PATCH https://firebaserules.googleapis.com/v1/projects/saba-water-delivery/releases/cloud.firestore [none]
[debug] [2026-09-01T15:44:16.671Z] >>> [apiv2][body] PATCH https://firebaserules.googleapis.com/v1/projects/saba-water-delivery/releases/cloud.firestore {"release":{"name":"projects/saba-water-delivery/releases/cloud.firestore","rulesetName":"projects/saba-water-delivery/rulesets/d24c417e-aa1b-4400-a46e-c05657751185"}}
[debug] [2026-09-01T15:44:17.053Z] <<< [apiv2][status] PATCH https://firebaserules.googleapis.com/v1/projects/saba-water-delivery/releases/cloud.firestore 200
[debug] [2026-09-01T15:44:17.053Z] <<< [apiv2][body] PATCH https://firebaserules.googleapis.com/v1/projects/saba-water-delivery/releases/cloud.firestore {"name":"projects/saba-water-delivery/releases/cloud.firestore","rulesetName":"projects/saba-water-delivery/rulesets/d24c417e-aa1b-4400-a46e-c05657751185","createTime":"2026-08-18T01:07:26.250493Z","updateTime":"2026-09-01T15:44:16.228198Z"}
[debug] [2026-09-01T15:44:17.053Z] [rules] updated release projects/saba-water-delivery/releases/cloud.firestore
[info] +  firestore: released rules firestore.rules to cloud.firestore 
[info] 
[info] +  Deploy complete! 
[info] 
[info] Project Console: https://console.firebase.google.com/project/saba-water-delivery/overview
[debug] [2026-09-01T15:44:22.268Z] Error: Timed out.
    at Timeout._onTimeout (C:\Users\chadn\AppData\Roaming\fnm\node-versions\v24.16.0\installation\node_modules\firebase-tools\lib\utils.js:296:49)
    at listOnTimeout (node:internal/timers:605:17)
    at process.processTimers (node:internal/timers:541:7)
[error] 
[error] Error: An unexpected error has occurred.
[debug] [2026-09-01T15:58:17.292Z] ----------------------------------------------------------------------
[debug] [2026-09-01T15:58:17.298Z] Command:       C:\Users\chadn\AppData\Local\fnm_multishells\43404_1788277086773\node.exe C:\Users\chadn\AppData\Local\fnm_multishells\43404_1788277086773\node_modules\firebase-tools\lib\bin\firebase.js deploy --debug
[debug] [2026-09-01T15:58:17.298Z] CLI Version:   15.27.0
[debug] [2026-09-01T15:58:17.298Z] Platform:      win32
[debug] [2026-09-01T15:58:17.298Z] Node Version:  v24.16.0
[debug] [2026-09-01T15:58:17.298Z] Detected Agent: unknown
[debug] [2026-09-01T15:58:17.299Z] Time:          Tue Sep 01 2026 11:58:17 GMT-0400 (Bolivia Time)
[debug] [2026-09-01T15:58:17.299Z] ----------------------------------------------------------------------
[debug] 
[debug] [2026-09-01T15:58:18.376Z] > command requires scopes: ["email","openid","https://www.googleapis.com/auth/cloudplatformprojects.readonly","https://www.googleapis.com/auth/firebase","https://www.googleapis.com/auth/cloud-platform"]
[debug] [2026-09-01T15:58:18.377Z] > authorizing via signed-in user (chadnuttall1@gmail.com)
[debug] [2026-09-01T15:58:18.378Z] [iam] checking project saba-water-delivery for permissions ["datastore.indexes.create","datastore.indexes.delete","datastore.indexes.list","datastore.indexes.update","firebase.projects.get","firebaserules.releases.create","firebaserules.releases.update","firebaserules.rulesets.create"]
[debug] [2026-09-01T15:58:18.393Z] Checked if tokens are valid: true, expires at: 1788281051298
[debug] [2026-09-01T15:58:18.393Z] Checked if tokens are valid: true, expires at: 1788281051298
[debug] [2026-09-01T15:58:18.394Z] >>> [apiv2][query] POST https://cloudresourcemanager.googleapis.com/v1/projects/saba-water-delivery:testIamPermissions [none]
[debug] [2026-09-01T15:58:18.394Z] >>> [apiv2][(partial)header] POST https://cloudresourcemanager.googleapis.com/v1/projects/saba-water-delivery:testIamPermissions  x-goog-user-project=saba-water-delivery
[debug] [2026-09-01T15:58:18.394Z] >>> [apiv2][body] POST https://cloudresourcemanager.googleapis.com/v1/projects/saba-water-delivery:testIamPermissions {"permissions":["datastore.indexes.create","datastore.indexes.delete","datastore.indexes.list","datastore.indexes.update","firebase.projects.get","firebaserules.releases.create","firebaserules.releases.update","firebaserules.rulesets.create"]}
[debug] [2026-09-01T15:58:18.715Z] <<< [apiv2][status] POST https://cloudresourcemanager.googleapis.com/v1/projects/saba-water-delivery:testIamPermissions 200
[debug] [2026-09-01T15:58:18.715Z] <<< [apiv2][body] POST https://cloudresourcemanager.googleapis.com/v1/projects/saba-water-delivery:testIamPermissions {"permissions":["datastore.indexes.create","datastore.indexes.delete","datastore.indexes.list","datastore.indexes.update","firebase.projects.get","firebaserules.releases.create","firebaserules.releases.update","firebaserules.rulesets.create"]}
[info] 
[info] === Deploying to 'saba-water-delivery'...
[info] 
[info] i  deploying storage, firestore 
[info] i  storage: ensuring required API firebasestorage.googleapis.com is enabled... 
[debug] [2026-09-01T15:58:18.718Z] Checked if tokens are valid: true, expires at: 1788281051298
[debug] [2026-09-01T15:58:18.718Z] Checked if tokens are valid: true, expires at: 1788281051298
[debug] [2026-09-01T15:58:18.718Z] >>> [apiv2][query] GET https://firebasestorage.googleapis.com/v1alpha/projects/saba-water-delivery/defaultBucket [none]
[debug] [2026-09-01T15:58:19.139Z] <<< [apiv2][status] GET https://firebasestorage.googleapis.com/v1alpha/projects/saba-water-delivery/defaultBucket 200
[debug] [2026-09-01T15:58:19.139Z] <<< [apiv2][body] GET https://firebasestorage.googleapis.com/v1alpha/projects/saba-water-delivery/defaultBucket {"name":"projects/saba-water-delivery/defaultBucket","location":"US-EAST1","bucket":{"name":"projects/saba-water-delivery/buckets/saba-water-delivery.firebasestorage.app"},"storageClass":"REGIONAL"}
[info] i  firebase.storage: checking storage.rules for compilation errors... 
[debug] [2026-09-01T15:58:19.141Z] Checked if tokens are valid: true, expires at: 1788281051298
[debug] [2026-09-01T15:58:19.141Z] Checked if tokens are valid: true, expires at: 1788281051298
[debug] [2026-09-01T15:58:19.141Z] >>> [apiv2][query] POST https://firebaserules.googleapis.com/v1/projects/saba-water-delivery:test [none]
[debug] [2026-09-01T15:58:19.141Z] >>> [apiv2][body] POST https://firebaserules.googleapis.com/v1/projects/saba-water-delivery:test [omitted]
[debug] [2026-09-01T15:58:19.509Z] <<< [apiv2][status] POST https://firebaserules.googleapis.com/v1/projects/saba-water-delivery:test 200
[debug] [2026-09-01T15:58:19.509Z] <<< [apiv2][body] POST https://firebaserules.googleapis.com/v1/projects/saba-water-delivery:test {}
[info] +  firebase.storage: rules file storage.rules compiled successfully 
[info] i  firestore: ensuring required API firestore.googleapis.com is enabled... 
[info] i  firestore: ensuring required API firestore.googleapis.com is enabled... 
[debug] [2026-09-01T15:58:19.511Z] Checked if tokens are valid: true, expires at: 1788281051298
[debug] [2026-09-01T15:58:19.511Z] Checked if tokens are valid: true, expires at: 1788281051298
[debug] [2026-09-01T15:58:19.511Z] >>> [apiv2][query] GET https://firestore.googleapis.com/v1/projects/saba-water-delivery/databases/(default) [none]
[debug] [2026-09-01T15:58:20.023Z] <<< [apiv2][status] GET https://firestore.googleapis.com/v1/projects/saba-water-delivery/databases/(default) 200
[debug] [2026-09-01T15:58:20.024Z] <<< [apiv2][body] GET https://firestore.googleapis.com/v1/projects/saba-water-delivery/databases/(default) {"name":"projects/saba-water-delivery/databases/(default)","uid":"73169a17-7559-485b-8d20-c10b715ca691","createTime":"2026-08-18T01:07:25.159330Z","updateTime":"2026-08-18T01:07:25.159330Z","locationId":"nam5","type":"FIRESTORE_NATIVE","concurrencyMode":"PESSIMISTIC","versionRetentionPeriod":"3600s","earliestVersionTime":"2026-09-01T14:58:19.178558Z","appEngineIntegrationMode":"DISABLED","keyPrefix":"s","pointInTimeRecoveryEnablement":"POINT_IN_TIME_RECOVERY_DISABLED","deleteProtectionState":"DELETE_PROTECTION_DISABLED","databaseEdition":"STANDARD","freeTier":true,"realtimeUpdatesMode":"REALTIME_UPDATES_MODE_ENABLED","enhancedTextSearchQueryMode":"ENHANCED_QUERY_MODE_ENABLED","etag":"IKTmoObfzZYDMJqcwPyAqZYD"}
[info] i  firestore: reading indexes from firestore.indexes.json... 
[info] i  cloud.firestore: checking firestore.rules for compilation errors... 
[debug] [2026-09-01T15:58:20.027Z] Checked if tokens are valid: true, expires at: 1788281051298
[debug] [2026-09-01T15:58:20.027Z] Checked if tokens are valid: true, expires at: 1788281051298
[debug] [2026-09-01T15:58:20.027Z] >>> [apiv2][query] POST https://firebaserules.googleapis.com/v1/projects/saba-water-delivery:test [none]
[debug] [2026-09-01T15:58:20.028Z] >>> [apiv2][body] POST https://firebaserules.googleapis.com/v1/projects/saba-water-delivery:test [omitted]
[debug] [2026-09-01T15:58:20.218Z] <<< [apiv2][status] POST https://firebaserules.googleapis.com/v1/projects/saba-water-delivery:test 200
[debug] [2026-09-01T15:58:20.219Z] <<< [apiv2][body] POST https://firebaserules.googleapis.com/v1/projects/saba-water-delivery:test {}
[info] +  cloud.firestore: rules file firestore.rules compiled successfully 
[debug] [2026-09-01T15:58:20.220Z] Checked if tokens are valid: true, expires at: 1788281051298
[debug] [2026-09-01T15:58:20.220Z] Checked if tokens are valid: true, expires at: 1788281051298
[debug] [2026-09-01T15:58:20.220Z] >>> [apiv2][query] GET https://firebaserules.googleapis.com/v1/projects/saba-water-delivery/releases pageSize=10&pageToken=
[debug] [2026-09-01T15:58:20.446Z] <<< [apiv2][status] GET https://firebaserules.googleapis.com/v1/projects/saba-water-delivery/releases 200
[debug] [2026-09-01T15:58:20.447Z] <<< [apiv2][body] GET https://firebaserules.googleapis.com/v1/projects/saba-water-delivery/releases {"releases":[{"name":"projects/saba-water-delivery/releases/cloud.firestore","rulesetName":"projects/saba-water-delivery/rulesets/d24c417e-aa1b-4400-a46e-c05657751185","createTime":"2026-08-18T01:07:26.250493Z","updateTime":"2026-09-01T15:44:16.228198Z"},{"name":"projects/saba-water-delivery/releases/firebase.storage/saba-water-delivery.firebasestorage.app","rulesetName":"projects/saba-water-delivery/rulesets/0c8806e6-d444-40bc-a90e-88fc3acfe163","createTime":"2026-08-18T19:08:03.156958Z","updateTime":"2026-09-01T15:44:15.846651Z"}]}
[debug] [2026-09-01T15:58:20.463Z] Checked if tokens are valid: true, expires at: 1788281051298
[debug] [2026-09-01T15:58:20.464Z] Checked if tokens are valid: true, expires at: 1788281051298
[debug] [2026-09-01T15:58:20.464Z] >>> [apiv2][query] GET https://firebaserules.googleapis.com/v1/projects/saba-water-delivery/rulesets/0c8806e6-d444-40bc-a90e-88fc3acfe163 [none]
[debug] [2026-09-01T15:58:20.678Z] <<< [apiv2][status] GET https://firebaserules.googleapis.com/v1/projects/saba-water-delivery/rulesets/0c8806e6-d444-40bc-a90e-88fc3acfe163 200
[debug] [2026-09-01T15:58:20.678Z] <<< [apiv2][body] GET https://firebaserules.googleapis.com/v1/projects/saba-water-delivery/rulesets/0c8806e6-d444-40bc-a90e-88fc3acfe163 [omitted]
[info] i  storage: latest version of storage.rules already up to date, skipping upload... 
[debug] [2026-09-01T15:58:20.679Z] Checked if tokens are valid: true, expires at: 1788281051298
[debug] [2026-09-01T15:58:20.680Z] Checked if tokens are valid: true, expires at: 1788281051298
[debug] [2026-09-01T15:58:20.680Z] >>> [apiv2][query] GET https://firebaserules.googleapis.com/v1/projects/saba-water-delivery/releases pageSize=10&pageToken=
[debug] [2026-09-01T15:58:20.881Z] <<< [apiv2][status] GET https://firebaserules.googleapis.com/v1/projects/saba-water-delivery/releases 200
[debug] [2026-09-01T15:58:20.882Z] <<< [apiv2][body] GET https://firebaserules.googleapis.com/v1/projects/saba-water-delivery/releases {"releases":[{"name":"projects/saba-water-delivery/releases/cloud.firestore","rulesetName":"projects/saba-water-delivery/rulesets/d24c417e-aa1b-4400-a46e-c05657751185","createTime":"2026-08-18T01:07:26.250493Z","updateTime":"2026-09-01T15:44:16.228198Z"},{"name":"projects/saba-water-delivery/releases/firebase.storage/saba-water-delivery.firebasestorage.app","rulesetName":"projects/saba-water-delivery/rulesets/0c8806e6-d444-40bc-a90e-88fc3acfe163","createTime":"2026-08-18T19:08:03.156958Z","updateTime":"2026-09-01T15:44:15.846651Z"}]}
[debug] [2026-09-01T15:58:20.882Z] Checked if tokens are valid: true, expires at: 1788281051298
[debug] [2026-09-01T15:58:20.882Z] Checked if tokens are valid: true, expires at: 1788281051298
[debug] [2026-09-01T15:58:20.883Z] >>> [apiv2][query] GET https://firebaserules.googleapis.com/v1/projects/saba-water-delivery/rulesets/d24c417e-aa1b-4400-a46e-c05657751185 [none]
[debug] [2026-09-01T15:58:21.102Z] <<< [apiv2][status] GET https://firebaserules.googleapis.com/v1/projects/saba-water-delivery/rulesets/d24c417e-aa1b-4400-a46e-c05657751185 200
[debug] [2026-09-01T15:58:21.102Z] <<< [apiv2][body] GET https://firebaserules.googleapis.com/v1/projects/saba-water-delivery/rulesets/d24c417e-aa1b-4400-a46e-c05657751185 [omitted]
[info] i  firestore: latest version of firestore.rules already up to date, skipping upload... 
[info] i  firestore: deploying indexes... 
[debug] [2026-09-01T15:58:21.104Z] Checked if tokens are valid: true, expires at: 1788281051298
[debug] [2026-09-01T15:58:21.104Z] Checked if tokens are valid: true, expires at: 1788281051298
[debug] [2026-09-01T15:58:21.104Z] >>> [apiv2][query] GET https://firestore.googleapis.com/v1/projects/saba-water-delivery/databases/(default)/collectionGroups/-/indexes [none]
[debug] [2026-09-01T15:58:21.286Z] <<< [apiv2][status] GET https://firestore.googleapis.com/v1/projects/saba-water-delivery/databases/(default)/collectionGroups/-/indexes 200
[debug] [2026-09-01T15:58:21.286Z] <<< [apiv2][body] GET https://firestore.googleapis.com/v1/projects/saba-water-delivery/databases/(default)/collectionGroups/-/indexes {"indexes":[{"name":"projects/saba-water-delivery/databases/(default)/collectionGroups/waterRequests/indexes/CICAgNiav4AK","queryScope":"COLLECTION","fields":[{"fieldPath":"customer.phone","order":"ASCENDING"},{"fieldPath":"status","order":"ASCENDING"},{"fieldPath":"__name__","order":"ASCENDING"}],"state":"READY","density":"SPARSE_ALL"},{"name":"projects/saba-water-delivery/databases/(default)/collectionGroups/waterRequests/indexes/CICAgJim14AK","queryScope":"COLLECTION","fields":[{"fieldPath":"status","order":"ASCENDING"},{"fieldPath":"requestedAt","order":"ASCENDING"},{"fieldPath":"__name__","order":"ASCENDING"}],"state":"READY","density":"SPARSE_ALL"},{"name":"projects/saba-water-delivery/databases/(default)/collectionGroups/waterRequests/indexes/CICAgOjXh4EK","queryScope":"COLLECTION","fields":[{"fieldPath":"customerId","order":"ASCENDING"},{"fieldPath":"status","order":"ASCENDING"},{"fieldPath":"requestedAt","order":"DESCENDING"},{"fieldPath":"__name__","order":"DESCENDING"}],"state":"READY","density":"SPARSE_ALL"},{"name":"projects/saba-water-delivery/databases/(default)/collectionGroups/waterRequests/indexes/CICAgNiroIEK","queryScope":"COLLECTION","fields":[{"fieldPath":"customerId","order":"ASCENDING"},{"fieldPath":"status","order":"ASCENDING"},{"fieldPath":"confirmedAt","order":"DESCENDING"},{"fieldPath":"__name__","order":"DESCENDING"}],"state":"READY","density":"SPARSE_ALL"},{"name":"projects/saba-water-delivery/databases/(default)/collectionGroups/driverOffers/indexes/CICAgJj7z4EK","queryScope":"COLLECTION","fields":[{"fieldPath":"driverId","order":"ASCENDING"},{"fieldPath":"response","order":"ASCENDING"},{"fieldPath":"offeredAt","order":"DESCENDING"},{"fieldPath":"__name__","order":"DESCENDING"}],"state":"READY","density":"SPARSE_ALL"},{"name":"projects/saba-water-delivery/databases/(default)/collectionGroups/waterRequests/indexes/CICAgNjpgYIK","queryScope":"COLLECTION","fields":[{"fieldPath":"status","order":"ASCENDING"},{"fieldPath":"preferredDriverId","order":"ASCENDING"},{"fieldPath":"priorityRank","order":"ASCENDING"},{"fieldPath":"requestedAt","order":"ASCENDING"},{"fieldPath":"__name__","order":"ASCENDING"}],"state":"READY","density":"SPARSE_ALL"},{"name":"projects/saba-water-delivery/databases/(default)/collectionGroups/waterRequests/indexes/CICAgJjF9oIK","queryScope":"COLLECTION","fields":[{"fieldPath":"assignedDriverId","order":"ASCENDING"},{"fieldPath":"status","order":"ASCENDING"},{"fieldPath":"claimedAt","order":"DESCENDING"},{"fieldPath":"__name__","order":"DESCENDING"}],"state":"READY","density":"SPARSE_ALL"},{"name":"projects/saba-water-delivery/databases/(default)/collectionGroups/waterRequests/indexes/CICAgLiIkYMK","queryScope":"COLLECTION","fields":[{"fieldPath":"dispatchBatchId","order":"ASCENDING"},{"fieldPath":"batchSequence","order":"ASCENDING"},{"fieldPath":"__name__","order":"ASCENDING"}],"state":"READY","density":"SPARSE_ALL"},{"name":"projects/saba-water-delivery/databases/(default)/collectionGroups/waterRequests/indexes/CICAgJiUpoMK","queryScope":"COLLECTION","fields":[{"fieldPath":"customerId","order":"ASCENDING"},{"fieldPath":"requestedAt","order":"DESCENDING"},{"fieldPath":"__name__","order":"DESCENDING"}],"state":"READY","density":"SPARSE_ALL"},{"name":"projects/saba-water-delivery/databases/(default)/collectionGroups/driverOffers/indexes/CICAgNi47oMK","queryScope":"COLLECTION","fields":[{"fieldPath":"driverId","order":"ASCENDING"},{"fieldPath":"response","order":"ASCENDING"},{"fieldPath":"respondedAt","order":"DESCENDING"},{"fieldPath":"__name__","order":"DESCENDING"}],"state":"READY","density":"SPARSE_ALL"},{"name":"projects/saba-water-delivery/databases/(default)/collectionGroups/waterRequests/indexes/CICAgOi3kJAK","queryScope":"COLLECTION","fields":[{"fieldPath":"status","order":"ASCENDING"},{"fieldPath":"preferredDriverExpiresAt","order":"ASCENDING"},{"fieldPath":"__name__","order":"ASCENDING"}],"state":"READY","density":"SPARSE_ALL"},{"name":"projects/saba-water-delivery/databases/(default)/collectionGroups/waterRequests/indexes/CICAgJjmiJEK","queryScope":"COLLECTION","fields":[{"fieldPath":"status","order":"ASCENDING"},{"fieldPath":"preferredDriverId","order":"ASCENDING"},{"fieldPath":"requestedAt","order":"ASCENDING"},{"fieldPath":"__name__","order":"ASCENDING"}],"state":"READY","density":"SPARSE_ALL"},{"name":"projects/saba-water-delivery/databases/(default)/collectionGroups/waterRequests/indexes/CICAgNi4-ZIK","queryScope":"COLLECTION","fields":[{"fieldPath":"status","order":"ASCENDING"},{"fieldPath":"priorityRank","order":"ASCENDING"},{"fieldPath":"requestedAt","order":"ASCENDING"},{"fieldPath":"__name__","order":"ASCENDING"}],"state":"READY","density":"SPARSE_ALL"}]}
[debug] [2026-09-01T15:58:21.287Z] Checked if tokens are valid: true, expires at: 1788281051298
[debug] [2026-09-01T15:58:21.287Z] Checked if tokens are valid: true, expires at: 1788281051298
[debug] [2026-09-01T15:58:21.287Z] >>> [apiv2][query] GET https://firestore.googleapis.com/v1/projects/saba-water-delivery/databases/(default)/collectionGroups/-/fields?filter=indexConfig.usesAncestorConfig=false OR ttlConfig:* [none]
[debug] [2026-09-01T15:58:21.455Z] <<< [apiv2][status] GET https://firestore.googleapis.com/v1/projects/saba-water-delivery/databases/(default)/collectionGroups/-/fields?filter=indexConfig.usesAncestorConfig=false OR ttlConfig:* 200
[debug] [2026-09-01T15:58:21.455Z] <<< [apiv2][body] GET https://firestore.googleapis.com/v1/projects/saba-water-delivery/databases/(default)/collectionGroups/-/fields?filter=indexConfig.usesAncestorConfig=false OR ttlConfig:* {"fields":[{"name":"projects/saba-water-delivery/databases/(default)/collectionGroups/__default__/fields/*","indexConfig":{"indexes":[{"queryScope":"COLLECTION","fields":[{"fieldPath":"*","order":"ASCENDING"}],"state":"READY"},{"queryScope":"COLLECTION","fields":[{"fieldPath":"*","order":"DESCENDING"}],"state":"READY"},{"queryScope":"COLLECTION","fields":[{"fieldPath":"*","arrayConfig":"CONTAINS"}],"state":"READY"}]}}]}
[debug] [2026-09-01T15:58:21.456Z] Checked if tokens are valid: true, expires at: 1788281051298
[debug] [2026-09-01T15:58:21.456Z] Checked if tokens are valid: true, expires at: 1788281051298
[debug] [2026-09-01T15:58:21.456Z] >>> [apiv2][query] GET https://firestore.googleapis.com/v1/projects/saba-water-delivery/databases/(default) [none]
[debug] [2026-09-01T15:58:21.626Z] <<< [apiv2][status] GET https://firestore.googleapis.com/v1/projects/saba-water-delivery/databases/(default) 200
[debug] [2026-09-01T15:58:21.626Z] <<< [apiv2][body] GET https://firestore.googleapis.com/v1/projects/saba-water-delivery/databases/(default) {"name":"projects/saba-water-delivery/databases/(default)","uid":"73169a17-7559-485b-8d20-c10b715ca691","createTime":"2026-08-18T01:07:25.159330Z","updateTime":"2026-08-18T01:07:25.159330Z","locationId":"nam5","type":"FIRESTORE_NATIVE","concurrencyMode":"PESSIMISTIC","versionRetentionPeriod":"3600s","earliestVersionTime":"2026-09-01T14:58:20.776637Z","appEngineIntegrationMode":"DISABLED","keyPrefix":"s","pointInTimeRecoveryEnablement":"POINT_IN_TIME_RECOVERY_DISABLED","deleteProtectionState":"DELETE_PROTECTION_DISABLED","databaseEdition":"STANDARD","freeTier":true,"realtimeUpdatesMode":"REALTIME_UPDATES_MODE_ENABLED","enhancedTextSearchQueryMode":"ENHANCED_QUERY_MODE_ENABLED","etag":"IKukguffzZYDMJqcwPyAqZYD"}
[debug] [2026-09-01T15:58:21.628Z] Skipping existing index: {"collectionGroup":"driverOffers","queryScope":"COLLECTION","density":"SPARSE_ALL","fields":[{"fieldPath":"driverId","order":"ASCENDING"},{"fieldPath":"response","order":"ASCENDING"},{"fieldPath":"offeredAt","order":"DESCENDING"},{"fieldPath":"__name__","order":"DESCENDING"}]}
[debug] [2026-09-01T15:58:21.628Z] Skipping existing index: {"collectionGroup":"driverOffers","queryScope":"COLLECTION","density":"SPARSE_ALL","fields":[{"fieldPath":"driverId","order":"ASCENDING"},{"fieldPath":"response","order":"ASCENDING"},{"fieldPath":"respondedAt","order":"DESCENDING"},{"fieldPath":"__name__","order":"DESCENDING"}]}
[debug] [2026-09-01T15:58:21.629Z] Skipping existing index: {"collectionGroup":"waterRequests","queryScope":"COLLECTION","density":"SPARSE_ALL","fields":[{"fieldPath":"assignedDriverId","order":"ASCENDING"},{"fieldPath":"status","order":"ASCENDING"},{"fieldPath":"claimedAt","order":"DESCENDING"},{"fieldPath":"__name__","order":"DESCENDING"}]}
[debug] [2026-09-01T15:58:21.629Z] Skipping existing index: {"collectionGroup":"waterRequests","queryScope":"COLLECTION","density":"SPARSE_ALL","fields":[{"fieldPath":"customer.phone","order":"ASCENDING"},{"fieldPath":"status","order":"ASCENDING"},{"fieldPath":"__name__","order":"ASCENDING"}]}
[debug] [2026-09-01T15:58:21.629Z] Skipping existing index: {"collectionGroup":"waterRequests","queryScope":"COLLECTION","density":"SPARSE_ALL","fields":[{"fieldPath":"customerId","order":"ASCENDING"},{"fieldPath":"requestedAt","order":"DESCENDING"},{"fieldPath":"__name__","order":"DESCENDING"}]}
[debug] [2026-09-01T15:58:21.629Z] Skipping existing index: {"collectionGroup":"waterRequests","queryScope":"COLLECTION","density":"SPARSE_ALL","fields":[{"fieldPath":"customerId","order":"ASCENDING"},{"fieldPath":"status","order":"ASCENDING"},{"fieldPath":"requestedAt","order":"DESCENDING"},{"fieldPath":"__name__","order":"DESCENDING"}]}
[debug] [2026-09-01T15:58:21.629Z] Skipping existing index: {"collectionGroup":"waterRequests","queryScope":"COLLECTION","density":"SPARSE_ALL","fields":[{"fieldPath":"customerId","order":"ASCENDING"},{"fieldPath":"status","order":"ASCENDING"},{"fieldPath":"confirmedAt","order":"DESCENDING"},{"fieldPath":"__name__","order":"DESCENDING"}]}
[debug] [2026-09-01T15:58:21.629Z] Skipping existing index: {"collectionGroup":"waterRequests","queryScope":"COLLECTION","density":"SPARSE_ALL","fields":[{"fieldPath":"status","order":"ASCENDING"},{"fieldPath":"preferredDriverExpiresAt","order":"ASCENDING"},{"fieldPath":"__name__","order":"ASCENDING"}]}
[debug] [2026-09-01T15:58:21.630Z] Skipping existing index: {"collectionGroup":"waterRequests","queryScope":"COLLECTION","density":"SPARSE_ALL","fields":[{"fieldPath":"status","order":"ASCENDING"},{"fieldPath":"preferredDriverId","order":"ASCENDING"},{"fieldPath":"priorityRank","order":"ASCENDING"},{"fieldPath":"requestedAt","order":"ASCENDING"},{"fieldPath":"__name__","order":"ASCENDING"}]}
[debug] [2026-09-01T15:58:21.630Z] Skipping existing index: {"collectionGroup":"waterRequests","queryScope":"COLLECTION","density":"SPARSE_ALL","fields":[{"fieldPath":"status","order":"ASCENDING"},{"fieldPath":"preferredDriverId","order":"ASCENDING"},{"fieldPath":"requestedAt","order":"ASCENDING"},{"fieldPath":"__name__","order":"ASCENDING"}]}
[debug] [2026-09-01T15:58:21.630Z] Skipping existing index: {"collectionGroup":"waterRequests","queryScope":"COLLECTION","density":"SPARSE_ALL","fields":[{"fieldPath":"status","order":"ASCENDING"},{"fieldPath":"priorityRank","order":"ASCENDING"},{"fieldPath":"requestedAt","order":"ASCENDING"},{"fieldPath":"__name__","order":"ASCENDING"}]}
[debug] [2026-09-01T15:58:21.630Z] Skipping existing index: {"collectionGroup":"waterRequests","queryScope":"COLLECTION","density":"SPARSE_ALL","fields":[{"fieldPath":"status","order":"ASCENDING"},{"fieldPath":"requestedAt","order":"ASCENDING"},{"fieldPath":"__name__","order":"ASCENDING"}]}
[debug] [2026-09-01T15:58:21.631Z] Skipping existing index: {"collectionGroup":"waterRequests","queryScope":"COLLECTION","density":"SPARSE_ALL","fields":[{"fieldPath":"dispatchBatchId","order":"ASCENDING"},{"fieldPath":"batchSequence","order":"ASCENDING"},{"fieldPath":"__name__","order":"ASCENDING"}]}
[info] +  firestore: deployed indexes in firestore.indexes.json successfully for (default) database 
[debug] [2026-09-01T15:58:21.631Z] [rules] releasing firebase.storage/saba-water-delivery.firebasestorage.app with ruleset projects/saba-water-delivery/rulesets/0c8806e6-d444-40bc-a90e-88fc3acfe163
[debug] [2026-09-01T15:58:21.631Z] Checked if tokens are valid: true, expires at: 1788281051298
[debug] [2026-09-01T15:58:21.632Z] Checked if tokens are valid: true, expires at: 1788281051298
[debug] [2026-09-01T15:58:21.632Z] >>> [apiv2][query] PATCH https://firebaserules.googleapis.com/v1/projects/saba-water-delivery/releases/firebase.storage/saba-water-delivery.firebasestorage.app [none]
[debug] [2026-09-01T15:58:21.632Z] >>> [apiv2][body] PATCH https://firebaserules.googleapis.com/v1/projects/saba-water-delivery/releases/firebase.storage/saba-water-delivery.firebasestorage.app {"release":{"name":"projects/saba-water-delivery/releases/firebase.storage/saba-water-delivery.firebasestorage.app","rulesetName":"projects/saba-water-delivery/rulesets/0c8806e6-d444-40bc-a90e-88fc3acfe163"}}
[debug] [2026-09-01T15:58:21.964Z] <<< [apiv2][status] PATCH https://firebaserules.googleapis.com/v1/projects/saba-water-delivery/releases/firebase.storage/saba-water-delivery.firebasestorage.app 200
[debug] [2026-09-01T15:58:21.965Z] <<< [apiv2][body] PATCH https://firebaserules.googleapis.com/v1/projects/saba-water-delivery/releases/firebase.storage/saba-water-delivery.firebasestorage.app {"name":"projects/saba-water-delivery/releases/firebase.storage/saba-water-delivery.firebasestorage.app","rulesetName":"projects/saba-water-delivery/rulesets/0c8806e6-d444-40bc-a90e-88fc3acfe163","createTime":"2026-08-18T19:08:03.156958Z","updateTime":"2026-09-01T15:58:21.096934Z"}
[debug] [2026-09-01T15:58:21.965Z] [rules] updated release projects/saba-water-delivery/releases/firebase.storage/saba-water-delivery.firebasestorage.app
[info] +  storage: released rules storage.rules to firebase.storage 
[debug] [2026-09-01T15:58:21.965Z] [rules] releasing cloud.firestore with ruleset projects/saba-water-delivery/rulesets/d24c417e-aa1b-4400-a46e-c05657751185
[debug] [2026-09-01T15:58:21.965Z] Checked if tokens are valid: true, expires at: 1788281051298
[debug] [2026-09-01T15:58:21.966Z] Checked if tokens are valid: true, expires at: 1788281051298
[debug] [2026-09-01T15:58:21.966Z] >>> [apiv2][query] PATCH https://firebaserules.googleapis.com/v1/projects/saba-water-delivery/releases/cloud.firestore [none]
[debug] [2026-09-01T15:58:21.966Z] >>> [apiv2][body] PATCH https://firebaserules.googleapis.com/v1/projects/saba-water-delivery/releases/cloud.firestore {"release":{"name":"projects/saba-water-delivery/releases/cloud.firestore","rulesetName":"projects/saba-water-delivery/rulesets/d24c417e-aa1b-4400-a46e-c05657751185"}}
[debug] [2026-09-01T15:58:22.385Z] <<< [apiv2][status] PATCH https://firebaserules.googleapis.com/v1/projects/saba-water-delivery/releases/cloud.firestore 200
[debug] [2026-09-01T15:58:22.385Z] <<< [apiv2][body] PATCH https://firebaserules.googleapis.com/v1/projects/saba-water-delivery/releases/cloud.firestore {"name":"projects/saba-water-delivery/releases/cloud.firestore","rulesetName":"projects/saba-water-delivery/rulesets/d24c417e-aa1b-4400-a46e-c05657751185","createTime":"2026-08-18T01:07:26.250493Z","updateTime":"2026-09-01T15:58:21.511469Z"}
[debug] [2026-09-01T15:58:22.386Z] [rules] updated release projects/saba-water-delivery/releases/cloud.firestore
[info] +  firestore: released rules firestore.rules to cloud.firestore 
[info] 
[info] +  Deploy complete! 
[info] 
[info] Project Console: https://console.firebase.google.com/project/saba-water-delivery/overview
